// Jest Snapshot v1, https://goo.gl/fbAQLP

exports[`Header component matches snapshot 1`] = `
<header
  className="container"
>
  <h1
    className="header"
  >
    WeatherHere
  </h1>
</header>
`;
