// Jest Snapshot v1, https://goo.gl/fbAQLP

exports[`Main Info component tests MainInfo to match Snapshot 1`] = `
ShallowWrapper {
  Symbol(enzyme.__root__): [Circular],
  Symbol(enzyme.__unrendered__): <MainInfo
    currentText={
      Object {
        "appTemp": "Temperatura odczuwalna",
        "cloudCov": "Zachmurzenie",
        "date": "Data",
        "dewPoint": "Punkt rosy",
        "humidity": "Wilgotność",
        "icon": "Ikona pogody",
        "location": "Nieznana lokacja",
        "moon": Array [
          "Nów",
          "Wschodzący sierp",
          "Pierwsza kwadra",
          "Wschodzący księżyc",
          "Pełnia",
          "Ubywający księżyc",
          "Trzecia kwadra",
          "Ubywający sierp",
        ],
        "moonphase": "Faza księżyca",
        "ozone": "Ozon",
        "precipInt": "Intensywność opadu",
        "precipProb": "Opady",
        "precipType": "Rodzaj opadu",
        "pressure": "Ciśnienie",
        "sun": "Słońce",
        "sunrise": "Wschód słońca",
        "sunset": "Zachód słońca",
        "today": "Dziś",
        "uvIndex": "Indeks UV",
        "visibility": "Widoczność",
        "wind": "Wiatr",
        "windGust": "Wiatr w porywach",
      }
    }
    currently={
      Object {
        "apparentTemperature": 6.53,
        "cloudCover": 0.92,
        "dewPoint": 8.45,
        "humidity": 0.94,
        "icon": "partly-cloudy-night",
        "ozone": 290.56,
        "precipIntensity": 0.0076,
        "precipProbability": 0.01,
        "precipType": "rain",
        "pressure": 1009.97,
        "summary": "Średnie zachmurzenie",
        "temperature": 9.38,
        "time": 1540834485,
        "uvIndex": 0,
        "visibility": 16.09,
        "windBearing": 99,
        "windGust": 10.76,
        "windSpeed": 5.76,
      }
    }
    dateText={
      Object {
        "temperature": "Temperatura",
        "temperatureMax": "Temperatura Max.",
        "temperatureMin": "Temperatura Min.",
        "today": "Dziś",
        "weekDay": Array [
          "Niedziela",
          "Poniedziałek",
          "Wtorek",
          "Środa",
          "Czwartek",
          "Piątek",
          "Sobota",
          "Dziś",
        ],
        "weekDayShort": Array [
          "Nie",
          "Pon",
          "Wt",
          "Śr",
          "Czw",
          "Pt",
          "Sob",
        ],
      }
    }
    locationShortName="Plock"
    sunPositionTime={
      Object {
        "sunrise": 1000,
        "sunset": 1001,
      }
    }
    timezone="Europe/Warsaw"
    today={
      Object {
        "day": "1",
        "hour": "11:11",
        "month": "1.1",
      }
    }
    units="si"
  />,
  Symbol(enzyme.__renderer__): Object {
    "batchedUpdates": [Function],
    "getNode": [Function],
    "render": [Function],
    "simulateError": [Function],
    "simulateEvent": [Function],
    "unmount": [Function],
  },
  Symbol(enzyme.__node__): Object {
    "instance": null,
    "key": undefined,
    "nodeType": "host",
    "props": Object {
      "children": Array [
        <div
          className="weather"
        >
          <div
            className="city"
          >
            Plock
          </div>
          <div
            className="icon"
          >
            <Icon
              icon="partly-cloudy-night"
              title="Ikona pogody"
              viewBox="0 0 100 100"
            />
          </div>
          <div
            className="temperature"
          >
            9.3
            <span>
              °C
            </span>
          </div>
        </div>,
        <div
          className="timeInfo"
        >
          <div
            className="date"
          >
            <span
              className="hidden"
            >
              Data
               
            </span>
            Poniedziałek
             
            1.1
          </div>
          <div
            className="sunContainer"
          >
            <div
              className="sun"
            >
              <span
                className="hidden"
              >
                Wschód słońca
              </span>
              <Icon
                icon="sunrise"
                title="Słońce"
                viewBox="0 0 100 100"
              />
              <span>
                01:16
              </span>
            </div>
            <div
              className="sun"
            >
              <span
                className="hidden"
              >
                Zachód słońca
              </span>
              <Icon
                icon="sunset"
                title="Słońce"
                viewBox="0 0 100 100"
              />
              <span>
                01:16
              </span>
            </div>
          </div>
        </div>,
        <Summary>
          Średnie zachmurzenie
        </Summary>,
      ],
      "className": "MainInfo",
    },
    "ref": null,
    "rendered": Array [
      Object {
        "instance": null,
        "key": undefined,
        "nodeType": "host",
        "props": Object {
          "children": Array [
            <div
              className="city"
            >
              Plock
            </div>,
            <div
              className="icon"
            >
              <Icon
                icon="partly-cloudy-night"
                title="Ikona pogody"
                viewBox="0 0 100 100"
              />
            </div>,
            <div
              className="temperature"
            >
              9.3
              <span>
                °C
              </span>
            </div>,
          ],
          "className": "weather",
        },
        "ref": null,
        "rendered": Array [
          Object {
            "instance": null,
            "key": undefined,
            "nodeType": "host",
            "props": Object {
              "children": "Plock",
              "className": "city",
            },
            "ref": null,
            "rendered": "Plock",
            "type": "div",
          },
          Object {
            "instance": null,
            "key": undefined,
            "nodeType": "host",
            "props": Object {
              "children": <Icon
                icon="partly-cloudy-night"
                title="Ikona pogody"
                viewBox="0 0 100 100"
              />,
              "className": "icon",
            },
            "ref": null,
            "rendered": Object {
              "instance": null,
              "key": undefined,
              "nodeType": "function",
              "props": Object {
                "icon": "partly-cloudy-night",
                "title": "Ikona pogody",
                "viewBox": "0 0 100 100",
              },
              "ref": null,
              "rendered": null,
              "type": [Function],
            },
            "type": "div",
          },
          Object {
            "instance": null,
            "key": undefined,
            "nodeType": "host",
            "props": Object {
              "children": Array [
                9.3,
                <span>
                  °C
                </span>,
              ],
              "className": "temperature",
            },
            "ref": null,
            "rendered": Array [
              9.3,
              Object {
                "instance": null,
                "key": undefined,
                "nodeType": "host",
                "props": Object {
                  "children": "°C",
                },
                "ref": null,
                "rendered": "°C",
                "type": "span",
              },
            ],
            "type": "div",
          },
        ],
        "type": "div",
      },
      Object {
        "instance": null,
        "key": undefined,
        "nodeType": "host",
        "props": Object {
          "children": Array [
            <div
              className="date"
            >
              <span
                className="hidden"
              >
                Data
                 
              </span>
              Poniedziałek
               
              1.1
            </div>,
            <div
              className="sunContainer"
            >
              <div
                className="sun"
              >
                <span
                  className="hidden"
                >
                  Wschód słońca
                </span>
                <Icon
                  icon="sunrise"
                  title="Słońce"
                  viewBox="0 0 100 100"
                />
                <span>
                  01:16
                </span>
              </div>
              <div
                className="sun"
              >
                <span
                  className="hidden"
                >
                  Zachód słońca
                </span>
                <Icon
                  icon="sunset"
                  title="Słońce"
                  viewBox="0 0 100 100"
                />
                <span>
                  01:16
                </span>
              </div>
            </div>,
          ],
          "className": "timeInfo",
        },
        "ref": null,
        "rendered": Array [
          Object {
            "instance": null,
            "key": undefined,
            "nodeType": "host",
            "props": Object {
              "children": Array [
                <span
                  className="hidden"
                >
                  Data
                   
                </span>,
                "Poniedziałek",
                " ",
                "1.1",
              ],
              "className": "date",
            },
            "ref": null,
            "rendered": Array [
              Object {
                "instance": null,
                "key": undefined,
                "nodeType": "host",
                "props": Object {
                  "children": Array [
                    "Data",
                    " ",
                  ],
                  "className": "hidden",
                },
                "ref": null,
                "rendered": Array [
                  "Data",
                  " ",
                ],
                "type": "span",
              },
              "Poniedziałek",
              " ",
              "1.1",
            ],
            "type": "div",
          },
          Object {
            "instance": null,
            "key": undefined,
            "nodeType": "host",
            "props": Object {
              "children": Array [
                <div
                  className="sun"
                >
                  <span
                    className="hidden"
                  >
                    Wschód słońca
                  </span>
                  <Icon
                    icon="sunrise"
                    title="Słońce"
                    viewBox="0 0 100 100"
                  />
                  <span>
                    01:16
                  </span>
                </div>,
                <div
                  className="sun"
                >
                  <span
                    className="hidden"
                  >
                    Zachód słońca
                  </span>
                  <Icon
                    icon="sunset"
                    title="Słońce"
                    viewBox="0 0 100 100"
                  />
                  <span>
                    01:16
                  </span>
                </div>,
              ],
              "className": "sunContainer",
            },
            "ref": null,
            "rendered": Array [
              Object {
                "instance": null,
                "key": undefined,
                "nodeType": "host",
                "props": Object {
                  "children": Array [
                    <span
                      className="hidden"
                    >
                      Wschód słońca
                    </span>,
                    <Icon
                      icon="sunrise"
                      title="Słońce"
                      viewBox="0 0 100 100"
                    />,
                    <span>
                      01:16
                    </span>,
                  ],
                  "className": "sun",
                },
                "ref": null,
                "rendered": Array [
                  Object {
                    "instance": null,
                    "key": undefined,
                    "nodeType": "host",
                    "props": Object {
                      "children": "Wschód słońca",
                      "className": "hidden",
                    },
                    "ref": null,
                    "rendered": "Wschód słońca",
                    "type": "span",
                  },
                  Object {
                    "instance": null,
                    "key": undefined,
                    "nodeType": "function",
                    "props": Object {
                      "icon": "sunrise",
                      "title": "Słońce",
                      "viewBox": "0 0 100 100",
                    },
                    "ref": null,
                    "rendered": null,
                    "type": [Function],
                  },
                  Object {
                    "instance": null,
                    "key": undefined,
                    "nodeType": "host",
                    "props": Object {
                      "children": "01:16",
                    },
                    "ref": null,
                    "rendered": "01:16",
                    "type": "span",
                  },
                ],
                "type": "div",
              },
              Object {
                "instance": null,
                "key": undefined,
                "nodeType": "host",
                "props": Object {
                  "children": Array [
                    <span
                      className="hidden"
                    >
                      Zachód słońca
                    </span>,
                    <Icon
                      icon="sunset"
                      title="Słońce"
                      viewBox="0 0 100 100"
                    />,
                    <span>
                      01:16
                    </span>,
                  ],
                  "className": "sun",
                },
                "ref": null,
                "rendered": Array [
                  Object {
                    "instance": null,
                    "key": undefined,
                    "nodeType": "host",
                    "props": Object {
                      "children": "Zachód słońca",
                      "className": "hidden",
                    },
                    "ref": null,
                    "rendered": "Zachód słońca",
                    "type": "span",
                  },
                  Object {
                    "instance": null,
                    "key": undefined,
                    "nodeType": "function",
                    "props": Object {
                      "icon": "sunset",
                      "title": "Słońce",
                      "viewBox": "0 0 100 100",
                    },
                    "ref": null,
                    "rendered": null,
                    "type": [Function],
                  },
                  Object {
                    "instance": null,
                    "key": undefined,
                    "nodeType": "host",
                    "props": Object {
                      "children": "01:16",
                    },
                    "ref": null,
                    "rendered": "01:16",
                    "type": "span",
                  },
                ],
                "type": "div",
              },
            ],
            "type": "div",
          },
        ],
        "type": "div",
      },
      Object {
        "instance": null,
        "key": undefined,
        "nodeType": "function",
        "props": Object {
          "children": "Średnie zachmurzenie",
        },
        "ref": null,
        "rendered": "Średnie zachmurzenie",
        "type": [Function],
      },
    ],
    "type": "section",
  },
  Symbol(enzyme.__nodes__): Array [
    Object {
      "instance": null,
      "key": undefined,
      "nodeType": "host",
      "props": Object {
        "children": Array [
          <div
            className="weather"
          >
            <div
              className="city"
            >
              Plock
            </div>
            <div
              className="icon"
            >
              <Icon
                icon="partly-cloudy-night"
                title="Ikona pogody"
                viewBox="0 0 100 100"
              />
            </div>
            <div
              className="temperature"
            >
              9.3
              <span>
                °C
              </span>
            </div>
          </div>,
          <div
            className="timeInfo"
          >
            <div
              className="date"
            >
              <span
                className="hidden"
              >
                Data
                 
              </span>
              Poniedziałek
               
              1.1
            </div>
            <div
              className="sunContainer"
            >
              <div
                className="sun"
              >
                <span
                  className="hidden"
                >
                  Wschód słońca
                </span>
                <Icon
                  icon="sunrise"
                  title="Słońce"
                  viewBox="0 0 100 100"
                />
                <span>
                  01:16
                </span>
              </div>
              <div
                className="sun"
              >
                <span
                  className="hidden"
                >
                  Zachód słońca
                </span>
                <Icon
                  icon="sunset"
                  title="Słońce"
                  viewBox="0 0 100 100"
                />
                <span>
                  01:16
                </span>
              </div>
            </div>
          </div>,
          <Summary>
            Średnie zachmurzenie
          </Summary>,
        ],
        "className": "MainInfo",
      },
      "ref": null,
      "rendered": Array [
        Object {
          "instance": null,
          "key": undefined,
          "nodeType": "host",
          "props": Object {
            "children": Array [
              <div
                className="city"
              >
                Plock
              </div>,
              <div
                className="icon"
              >
                <Icon
                  icon="partly-cloudy-night"
                  title="Ikona pogody"
                  viewBox="0 0 100 100"
                />
              </div>,
              <div
                className="temperature"
              >
                9.3
                <span>
                  °C
                </span>
              </div>,
            ],
            "className": "weather",
          },
          "ref": null,
          "rendered": Array [
            Object {
              "instance": null,
              "key": undefined,
              "nodeType": "host",
              "props": Object {
                "children": "Plock",
                "className": "city",
              },
              "ref": null,
              "rendered": "Plock",
              "type": "div",
            },
            Object {
              "instance": null,
              "key": undefined,
              "nodeType": "host",
              "props": Object {
                "children": <Icon
                  icon="partly-cloudy-night"
                  title="Ikona pogody"
                  viewBox="0 0 100 100"
                />,
                "className": "icon",
              },
              "ref": null,
              "rendered": Object {
                "instance": null,
                "key": undefined,
                "nodeType": "function",
                "props": Object {
                  "icon": "partly-cloudy-night",
                  "title": "Ikona pogody",
                  "viewBox": "0 0 100 100",
                },
                "ref": null,
                "rendered": null,
                "type": [Function],
              },
              "type": "div",
            },
            Object {
              "instance": null,
              "key": undefined,
              "nodeType": "host",
              "props": Object {
                "children": Array [
                  9.3,
                  <span>
                    °C
                  </span>,
                ],
                "className": "temperature",
              },
              "ref": null,
              "rendered": Array [
                9.3,
                Object {
                  "instance": null,
                  "key": undefined,
                  "nodeType": "host",
                  "props": Object {
                    "children": "°C",
                  },
                  "ref": null,
                  "rendered": "°C",
                  "type": "span",
                },
              ],
              "type": "div",
            },
          ],
          "type": "div",
        },
        Object {
          "instance": null,
          "key": undefined,
          "nodeType": "host",
          "props": Object {
            "children": Array [
              <div
                className="date"
              >
                <span
                  className="hidden"
                >
                  Data
                   
                </span>
                Poniedziałek
                 
                1.1
              </div>,
              <div
                className="sunContainer"
              >
                <div
                  className="sun"
                >
                  <span
                    className="hidden"
                  >
                    Wschód słońca
                  </span>
                  <Icon
                    icon="sunrise"
                    title="Słońce"
                    viewBox="0 0 100 100"
                  />
                  <span>
                    01:16
                  </span>
                </div>
                <div
                  className="sun"
                >
                  <span
                    className="hidden"
                  >
                    Zachód słońca
                  </span>
                  <Icon
                    icon="sunset"
                    title="Słońce"
                    viewBox="0 0 100 100"
                  />
                  <span>
                    01:16
                  </span>
                </div>
              </div>,
            ],
            "className": "timeInfo",
          },
          "ref": null,
          "rendered": Array [
            Object {
              "instance": null,
              "key": undefined,
              "nodeType": "host",
              "props": Object {
                "children": Array [
                  <span
                    className="hidden"
                  >
                    Data
                     
                  </span>,
                  "Poniedziałek",
                  " ",
                  "1.1",
                ],
                "className": "date",
              },
              "ref": null,
              "rendered": Array [
                Object {
                  "instance": null,
                  "key": undefined,
                  "nodeType": "host",
                  "props": Object {
                    "children": Array [
                      "Data",
                      " ",
                    ],
                    "className": "hidden",
                  },
                  "ref": null,
                  "rendered": Array [
                    "Data",
                    " ",
                  ],
                  "type": "span",
                },
                "Poniedziałek",
                " ",
                "1.1",
              ],
              "type": "div",
            },
            Object {
              "instance": null,
              "key": undefined,
              "nodeType": "host",
              "props": Object {
                "children": Array [
                  <div
                    className="sun"
                  >
                    <span
                      className="hidden"
                    >
                      Wschód słońca
                    </span>
                    <Icon
                      icon="sunrise"
                      title="Słońce"
                      viewBox="0 0 100 100"
                    />
                    <span>
                      01:16
                    </span>
                  </div>,
                  <div
                    className="sun"
                  >
                    <span
                      className="hidden"
                    >
                      Zachód słońca
                    </span>
                    <Icon
                      icon="sunset"
                      title="Słońce"
                      viewBox="0 0 100 100"
                    />
                    <span>
                      01:16
                    </span>
                  </div>,
                ],
                "className": "sunContainer",
              },
              "ref": null,
              "rendered": Array [
                Object {
                  "instance": null,
                  "key": undefined,
                  "nodeType": "host",
                  "props": Object {
                    "children": Array [
                      <span
                        className="hidden"
                      >
                        Wschód słońca
                      </span>,
                      <Icon
                        icon="sunrise"
                        title="Słońce"
                        viewBox="0 0 100 100"
                      />,
                      <span>
                        01:16
                      </span>,
                    ],
                    "className": "sun",
                  },
                  "ref": null,
                  "rendered": Array [
                    Object {
                      "instance": null,
                      "key": undefined,
                      "nodeType": "host",
                      "props": Object {
                        "children": "Wschód słońca",
                        "className": "hidden",
                      },
                      "ref": null,
                      "rendered": "Wschód słońca",
                      "type": "span",
                    },
                    Object {
                      "instance": null,
                      "key": undefined,
                      "nodeType": "function",
                      "props": Object {
                        "icon": "sunrise",
                        "title": "Słońce",
                        "viewBox": "0 0 100 100",
                      },
                      "ref": null,
                      "rendered": null,
                      "type": [Function],
                    },
                    Object {
                      "instance": null,
                      "key": undefined,
                      "nodeType": "host",
                      "props": Object {
                        "children": "01:16",
                      },
                      "ref": null,
                      "rendered": "01:16",
                      "type": "span",
                    },
                  ],
                  "type": "div",
                },
                Object {
                  "instance": null,
                  "key": undefined,
                  "nodeType": "host",
                  "props": Object {
                    "children": Array [
                      <span
                        className="hidden"
                      >
                        Zachód słońca
                      </span>,
                      <Icon
                        icon="sunset"
                        title="Słońce"
                        viewBox="0 0 100 100"
                      />,
                      <span>
                        01:16
                      </span>,
                    ],
                    "className": "sun",
                  },
                  "ref": null,
                  "rendered": Array [
                    Object {
                      "instance": null,
                      "key": undefined,
                      "nodeType": "host",
                      "props": Object {
                        "children": "Zachód słońca",
                        "className": "hidden",
                      },
                      "ref": null,
                      "rendered": "Zachód słońca",
                      "type": "span",
                    },
                    Object {
                      "instance": null,
                      "key": undefined,
                      "nodeType": "function",
                      "props": Object {
                        "icon": "sunset",
                        "title": "Słońce",
                        "viewBox": "0 0 100 100",
                      },
                      "ref": null,
                      "rendered": null,
                      "type": [Function],
                    },
                    Object {
                      "instance": null,
                      "key": undefined,
                      "nodeType": "host",
                      "props": Object {
                        "children": "01:16",
                      },
                      "ref": null,
                      "rendered": "01:16",
                      "type": "span",
                    },
                  ],
                  "type": "div",
                },
              ],
              "type": "div",
            },
          ],
          "type": "div",
        },
        Object {
          "instance": null,
          "key": undefined,
          "nodeType": "function",
          "props": Object {
            "children": "Średnie zachmurzenie",
          },
          "ref": null,
          "rendered": "Średnie zachmurzenie",
          "type": [Function],
        },
      ],
      "type": "section",
    },
  ],
  Symbol(enzyme.__options__): Object {
    "adapter": ReactSixteenAdapter {
      "options": Object {
        "enableComponentDidUpdateOnSetState": true,
        "lifecycles": Object {
          "componentDidUpdate": Object {
            "onSetState": true,
          },
          "getDerivedStateFromProps": true,
          "getSnapshotBeforeUpdate": true,
          "setState": Object {
            "skipsComponentDidUpdateOnNullish": true,
          },
        },
      },
    },
  },
}
`;
